
=== Step 3 completed: dev branch published (UTC 2025-11-04T12:29:50Z) ===
* dev  57974d2 [origin/dev] minor adjustment to readme file
  main 57974d2 [origin/main] minor adjustment to readme file

=== Tue Nov  4 13:18:10 UTC 2025 ===
$ git status
On branch feature/tf-setup
Your branch is up to date with 'origin/feature/tf-setup'.

Untracked files:
  (use "git add <file>..." to include in what will be committed)
	terraform/log.sh
	terraform/session_log.txt

nothing added to commit but untracked files present (use "git add" to track)
[done]

=== Thu Nov  6 11:04:04 UTC 2025 ===
$ git add terraform/log.sh terraform/session_log.txt
[done]

=== Thu Nov  6 11:04:31 UTC 2025 ===
$ git commit -m 'add simple logger script and session log file'
[feature/tf-setup 1b6ba4a] add simple logger script and session log file
 2 files changed, 32 insertions(+)
 create mode 100755 terraform/log.sh
 create mode 100644 terraform/session_log.txt
[done]

=== Thu Nov  6 11:04:48 UTC 2025 ===
$ git push
To https://github.com/shaked-sharon/devops-aws-terraform.git
   57974d2..1b6ba4a  feature/tf-setup -> feature/tf-setup
[done]

=== Thu Nov  6 11:23:29 UTC 2025 ===
$ git add -A
